// Jest Snapshot v1, https://goo.gl/fbAQLP

exports[`PageChooserPagination has pages 1`] = `
<div
  className="pagination"
>
  <div>
    <p>
      Page 0 of 2.
    </p>
    <ul>
      <li
        className="prev"
      >
        <a
          href="#"
          onClick={[Function]}
        >
          <span className="icon-wrapper">
            <svg className="icon icon-arrow-left navigate-pages" aria-hidden="true">
                <use href="#icon-arrow-left"></use>
            </svg>
          </span>
          Previous
        </a>
      </li>
      <li
        className="next"
      >
        <a
          href="#"
          onClick={[Function]}
        >
          <span className="icon-wrapper">
            <svg className="icon icon-arrow-right navigate-pages" aria-hidden="true">
              <use href="#icon-arrow-right"></use>
            </svg>
          </span>
          Next
        </a>
      </li>
    </ul>
  </div>
</div>
`;

exports[`PageChooserPagination renders 1`] = `
<div
  className="pagination"
/>
`;
